// Jest Snapshot v1, https://goo.gl/fbAQLP

exports[`renders correctly 1`] = `
<main
  className="container min-h-screen pt-20 pb-10 sm:pt-32"
>
  <div
    className="mb-5"
  >
    <h2
      className="text-center text-black font-black text-3xl"
    >
      DELETE A HOUSE
    </h2>
    <p
      className="text-center text-gray-500 font-semibold text-1xl"
    >
      Manage your houses
    </p>
  </div>
  <ul
    className="w-4/5 mx-auto grid grid-cols-1 xl:grid-cols-2 gap-5"
  />
</main>
`;
